[Licensing::Module] Trying to connect to existing licensing client channel...
Built from '6000.0/staging' branch; Version is '6000.0.54f1 (4c506e5b5cc5) revision 5001326'; Using compiler version '193933523'; Build Type 'Release'
[Licensing::IpcConnector] Successfully connected to: "LicenseClient-Kilinc" at "2026-09-25T16:22:40.6783725Z"
OS: 'Windows 11  (10.0.26200) 64bit Professional' Language: 'tr' Physical Memory: 65329 MB
BatchMode: 1, IsHumanControllingUs: 0, StartBugReporterOnCrash: 0, Is64bit: 1
Date: 2026-09-25T16:22:40Z

COMMAND LINE ARGUMENTS:
D:\Unity\Hub\Editor\6000.0.54f1\Editor\Unity.exe
-batchmode
-projectPath
C:\Users\Kilinc\islandlasthope
-executeMethod
FixPlay.Fix
-quit
-logFile
C:\Users\Kilinc\islandlasthope\fixplay.log
-nographics
Successfully changed project path to: C:\Users\Kilinc\islandlasthope
C:/Users/Kilinc/islandlasthope
[UnityMemory] Configuration Parameters - Can be set up in boot.config
    "memorysetup-bucket-allocator-granularity=16"
    "memorysetup-bucket-allocator-bucket-count=8"
    "memorysetup-bucket-allocator-block-size=33554432"
    "memorysetup-bucket-allocator-block-count=8"
    "memorysetup-main-allocator-block-size=16777216"
    "memorysetup-thread-allocator-block-size=16777216"
    "memorysetup-gfx-main-allocator-block-size=16777216"
    "memorysetup-gfx-thread-allocator-block-size=16777216"
    "memorysetup-cache-allocator-block-size=4194304"
    "memorysetup-typetree-allocator-block-size=2097152"
    "memorysetup-profiler-bucket-allocator-granularity=16"
    "memorysetup-profiler-bucket-allocator-bucket-count=8"
    "memorysetup-profiler-bucket-allocator-block-size=33554432"
    "memorysetup-profiler-bucket-allocator-block-count=8"
    "memorysetup-profiler-allocator-block-size=16777216"
    "memorysetup-profiler-editor-allocator-block-size=1048576"
    "memorysetup-temp-allocator-size-main=16777216"
    "memorysetup-job-temp-allocator-block-size=2097152"
    "memorysetup-job-temp-allocator-block-size-background=1048576"
    "memorysetup-job-temp-allocator-reduction-small-platforms=262144"
    "memorysetup-allocator-temp-initial-block-size-main=262144"
    "memorysetup-allocator-temp-initial-block-size-worker=262144"
    "memorysetup-temp-allocator-size-background-worker=32768"
    "memorysetup-temp-allocator-size-job-worker=262144"
    "memorysetup-temp-allocator-size-preload-manager=33554432"
    "memorysetup-temp-allocator-size-nav-mesh-worker=65536"
    "memorysetup-temp-allocator-size-audio-worker=65536"
    "memorysetup-temp-allocator-size-cloud-worker=32768"
    "memorysetup-temp-allocator-size-gi-baking-worker=262144"
    "memorysetup-temp-allocator-size-gi-baking-worker=262144"
    "memorysetup-temp-allocator-size-gi-baking-worker=262144"
    "memorysetup-temp-allocator-size-gi-baking-worker=262144"
    "memorysetup-temp-allocator-size-gi-baking-worker=262144"
    "memorysetup-temp-allocator-size-gfx=262144"
Player connection [23372]  Target information:

Player connection [23372]  * "[IP] 192.168.56.1 [Port] 55504 [Flags] 2 [Guid] 107638372 [EditorId] 107638372 [Version] 1048832 [Id] WindowsEditor(7,DESKTOP-U5FIH9A) [Debug] 1 [PackageName] WindowsEditor [ProjectName] Editor" 

Player connection [23372]  * "[IP] 192.168.56.2 [Port] 55504 [Flags] 2 [Guid] 107638372 [EditorId] 107638372 [Version] 1048832 [Id] WindowsEditor(7,DESKTOP-U5FIH9A) [Debug] 1 [PackageName] WindowsEditor [ProjectName] Editor" 

Player connection [23372]  * "[IP] 192.168.32.1 [Port] 55504 [Flags] 2 [Guid] 107638372 [EditorId] 107638372 [Version] 1048832 [Id] WindowsEditor(7,DESKTOP-U5FIH9A) [Debug] 1 [PackageName] WindowsEditor [ProjectName] Editor" 

Player connection [23372]  * "[IP] 192.168.1.113 [Port] 55504 [Flags] 2 [Guid] 107638372 [EditorId] 107638372 [Version] 1048832 [Id] WindowsEditor(7,DESKTOP-U5FIH9A) [Debug] 1 [PackageName] WindowsEditor [ProjectName] Editor" 

Player connection [23372] Host joined multi-casting on [225.0.0.222:54997]...
Player connection [23372] Host joined alternative multi-casting on [225.0.0.222:34997]...
Input System module state changed to: Initialized.
[Physics::Module] Initialized fallback backend.
[Physics::Module] Id: 0xdecafbad
[Licensing::Client] Code 10 while verifying Licensing Client signature (process Id: 25592, path: "C:/Program Files/Unity Hub/UnityLicensingClient_V1/Unity.Licensing.Client.exe")
[Licensing::Module] LicensingClient has failed validation; ignoring
[Licensing::Client] Handshaking with LicensingClient:
  Version:                 1.18.3+d7ffd15
  Session Id:              b92876eea10c4079963ffff26c10d00a
  Correlation Id:          ed88dfb09d3c1f2aec79bdd2f6be8dea
  External correlation Id: 3603619099545406150
  Machine Id:              /SuuZk2RidFZEKcoRVR1kiwcwdU=
[Licensing::Module] Successfully connected to LicensingClient on channel: "LicenseClient-Kilinc" (connect: 0.00s, validation: 0.00s, handshake: 0.09s)
[Licensing::IpcConnector] Successfully connected to: "LicenseClient-Kilinc-notifications" at "2026-09-25T16:22:40.773706Z"
[Licensing::Module] Error: Access token is unavailable; failed to update
[Licensing::Client] Successfully resolved entitlement details
[Licensing::Module] License group:
  Id: 18968509182706-UnityPersXXXX
  Product: Unity Personal
  Type: Assigned
  Expiration: Unlimited
[Licensing::Client] Successfully updated license, isAsync: True, time: 0.00
[Licensing::Client] Successfully resolved entitlement details
[Licensing::Module] Licensing Background thread has ended after 0.14s
[Package Manager] Connected to IPC stream "Upm-18204" after 0.4 seconds.
Library Redirect Path: Library/
[Physics::Module] Selected backend.
[Physics::Module] Name: PhysX
[Physics::Module] Id: 0xf2b8ea05
[Physics::Module] SDK Version: 4.1.2
[Physics::Module] Integration Version: 1.0.0
[Physics::Module] Threading Mode: Multi-Threaded
Refreshing native plugins compatible for Editor in 0.09 ms, found 0 plugins.
Preloading 0 native plugins for Editor in 0.00 ms.
Initialize engine version: 6000.0.54f1 (4c506e5b5cc5)
[Subsystems] Discovering subsystems at path D:/Unity/Hub/Editor/6000.0.54f1/Editor/Data/Resources/UnitySubsystems
[Subsystems] Discovering subsystems at path C:/Users/Kilinc/islandlasthope/Assets
Forcing GfxDevice: Null
GfxDevice: creating device client; kGfxThreadingModeNonThreaded
NullGfxDevice:
    Version:  NULL 1.0 [1.0]
    Renderer: Null Device
    Vendor:   Unity Technologies
Initialize mono
Mono path[0] = 'D:/Unity/Hub/Editor/6000.0.54f1/Editor/Data/Managed'
Mono path[1] = 'D:/Unity/Hub/Editor/6000.0.54f1/Editor/Data/MonoBleedingEdge/lib/mono/unityjit-win32'
Mono config path = 'D:/Unity/Hub/Editor/6000.0.54f1/Editor/Data/MonoBleedingEdge/etc'
Using monoOptions --debugger-agent=transport=dt_socket,embedding=1,server=y,suspend=n,address=127.0.0.1:56204
Using cacheserver namespaces - metadata:defaultmetadata, artifacts:defaultartifacts
Using cacheserver namespaces - metadata:defaultmetadata, artifacts:defaultartifacts
ImportWorker Server TCP listen port: 0
AcceleratorClientConnectionCallback - disconnected - :0
Begin MonoManager ReloadAssembly
Registering precompiled unity dll's ...
Register platform support module: D:/Unity/Hub/Editor/6000.0.54f1/Editor/Data/PlaybackEngines/WindowsStandaloneSupport/UnityEditor.WindowsStandalone.Extensions.dll
Registered in 0.002702 seconds.
- Loaded All Assemblies, in  0.464 seconds
Native extension for WindowsStandalone target not found
Mono: successfully reloaded assembly
- Finished resetting the current domain, in  0.395 seconds
Domain Reload Profiling: 860ms
	BeginReloadAssembly (145ms)
		ExecutionOrderSort (0ms)
		DisableScriptedObjects (0ms)
		BackupInstance (0ms)
		ReleaseScriptingObjects (0ms)
		CreateAndSetChildDomain (1ms)
	RebuildCommonClasses (51ms)
	RebuildNativeTypeToScriptingClass (15ms)
	initialDomainReloadingComplete (55ms)
	LoadAllAssembliesAndSetupDomain (198ms)
		LoadAssemblies (144ms)
		RebuildTransferFunctionScriptingTraits (0ms)
		AnalyzeDomain (195ms)
			TypeCache.Refresh (193ms)
				TypeCache.ScanAssembly (171ms)
			BuildScriptInfoCaches (0ms)
			ResolveRequiredComponents (1ms)
	FinalizeReload (396ms)
		ReleaseScriptCaches (0ms)
		RebuildScriptCaches (0ms)
		SetupLoadedEditorAssemblies (353ms)
			LogAssemblyErrors (0ms)
			InitializePlatformSupportModulesInManaged (24ms)
			SetLoadedEditorAssemblies (5ms)
			BeforeProcessingInitializeOnLoad (80ms)
			ProcessInitializeOnLoadAttributes (180ms)
			ProcessInitializeOnLoadMethodAttributes (63ms)
			AfterProcessingInitializeOnLoad (0ms)
			EditorAssembliesLoaded (0ms)
		ExecutionOrderSort2 (0ms)
		AwakeInstancesAfterBackupRestoration (0ms)
[Licensing::Client] Successfully resolved entitlement details
Application.AssetDatabase Initial Refresh Start
Package Manager log level set to [2]
[Package Manager] Restoring resolved packages state from cache
[Licensing::Client] Successfully resolved entitlement details
[Package Manager] Registered 28 packages:
  Packages from [https://packages.unity.com]:
    com.unity.inputsystem@1.11.0 (location: C:\Users\Kilinc\islandlasthope\Library\PackageCache\com.unity.inputsystem@5a52a5d2c2ed)
    com.unity.ai.navigation@2.0.5 (location: C:\Users\Kilinc\islandlasthope\Library\PackageCache\com.unity.ai.navigation@9f76b145f0a8)
    com.unity.cinemachine@3.1.3 (location: C:\Users\Kilinc\islandlasthope\Library\PackageCache\com.unity.cinemachine@624f919d8cdd)
    com.unity.splines@2.8.1 (location: C:\Users\Kilinc\islandlasthope\Library\PackageCache\com.unity.splines@b909627b5095)
    com.unity.mathematics@1.3.2 (location: C:\Users\Kilinc\islandlasthope\Library\PackageCache\com.unity.mathematics@8017b507cc74)
    com.unity.settings-manager@2.1.0 (location: C:\Users\Kilinc\islandlasthope\Library\PackageCache\com.unity.settings-manager@41738c275190)
    com.unity.searcher@4.9.3 (location: C:\Users\Kilinc\islandlasthope\Library\PackageCache\com.unity.searcher@1e17ce91558d)
    com.unity.burst@1.8.23 (location: C:\Users\Kilinc\islandlasthope\Library\PackageCache\com.unity.burst@6aff1dd08a0c)
    com.unity.collections@2.5.1 (location: C:\Users\Kilinc\islandlasthope\Library\PackageCache\com.unity.collections@56bff8827a7e)
    com.unity.nuget.mono-cecil@1.11.4 (location: C:\Users\Kilinc\islandlasthope\Library\PackageCache\com.unity.nuget.mono-cecil@d6f9955a5d5f)
    com.unity.test-framework.performance@3.1.0 (location: C:\Users\Kilinc\islandlasthope\Library\PackageCache\com.unity.test-framework.performance@92d1d09a72ed)
  Built-in packages:
    com.unity.render-pipelines.universal@17.0.4 (location: C:\Users\Kilinc\islandlasthope\Library\PackageCache\com.unity.render-pipelines.universal@8a6413315f5b)
    com.unity.textmeshpro@5.0.0 (location: C:\Users\Kilinc\islandlasthope\Library\PackageCache\com.unity.textmeshpro@53f43edfd2e0)
    com.unity.ugui@2.0.0 (location: C:\Users\Kilinc\islandlasthope\Library\PackageCache\com.unity.ugui@529b01454a55)
    com.unity.modules.imgui@1.0.0 (location: D:\Unity\Hub\Editor\6000.0.54f1\Editor\Data\Resources\PackageManager\BuiltInPackages\com.unity.modules.imgui)
    com.unity.modules.ai@1.0.0 (location: D:\Unity\Hub\Editor\6000.0.54f1\Editor\Data\Resources\PackageManager\BuiltInPackages\com.unity.modules.ai)
    com.unity.modules.uielements@1.0.0 (location: D:\Unity\Hub\Editor\6000.0.54f1\Editor\Data\Resources\PackageManager\BuiltInPackages\com.unity.modules.uielements)
    com.unity.render-pipelines.core@17.0.4 (location: C:\Users\Kilinc\islandlasthope\Library\PackageCache\com.unity.render-pipelines.core@49e016681e2a)
    com.unity.shadergraph@17.0.4 (location: C:\Users\Kilinc\islandlasthope\Library\PackageCache\com.unity.shadergraph@8939c506bcb4)
    com.unity.render-pipelines.universal-config@17.0.3 (location: C:\Users\Kilinc\islandlasthope\Library\PackageCache\com.unity.render-pipelines.universal-config@dd206bf35d04)
    com.unity.modules.ui@1.0.0 (location: D:\Unity\Hub\Editor\6000.0.54f1\Editor\Data\Resources\PackageManager\BuiltInPackages\com.unity.modules.ui)
    com.unity.modules.jsonserialize@1.0.0 (location: D:\Unity\Hub\Editor\6000.0.54f1\Editor\Data\Resources\PackageManager\BuiltInPackages\com.unity.modules.jsonserialize)
    com.unity.modules.hierarchycore@1.0.0 (location: D:\Unity\Hub\Editor\6000.0.54f1\Editor\Data\Resources\PackageManager\BuiltInPackages\com.unity.modules.hierarchycore)
    com.unity.modules.physics@1.0.0 (location: D:\Unity\Hub\Editor\6000.0.54f1\Editor\Data\Resources\PackageManager\BuiltInPackages\com.unity.modules.physics)
    com.unity.modules.terrain@1.0.0 (location: D:\Unity\Hub\Editor\6000.0.54f1\Editor\Data\Resources\PackageManager\BuiltInPackages\com.unity.modules.terrain)
    com.unity.rendering.light-transport@1.0.1 (location: C:\Users\Kilinc\islandlasthope\Library\PackageCache\com.unity.rendering.light-transport@9bd588f963c0)
    com.unity.test-framework@1.5.1 (location: C:\Users\Kilinc\islandlasthope\Library\PackageCache\com.unity.test-framework@dfdbd02f5918)
    com.unity.ext.nunit@2.0.5 (location: C:\Users\Kilinc\islandlasthope\Library\PackageCache\com.unity.ext.nunit@031a54704bff)
[Package Manager] com.unity.textmeshpro is deprecated: This package is no longer supported. TextMeshPro functionalities are now included in the com.unity.ugui package. To continue using them, consider adding it to your project dependencies.
[Subsystems] No new subsystems found in resolved package list.
[Package Manager] Done registering packages in 0.01 seconds
Assembly reference Packages/com.unity.cinemachine/Editor/Samples/ExposeHDRPInternals/HDRP-Editor-ref.asmref has no target assembly definition
Assembly reference Packages/com.unity.cinemachine/Editor/Samples/ExposeHDRPInternals/HDRP-Editor-ref.asmref has no target assembly definition
[ScriptCompilation] Requested script compilation because: Assetdatabase observed changes in script compilation related files
info: Microsoft.Hosting.Lifetime[14]
      Now listening on: http://localhost:80
info: Microsoft.Hosting.Lifetime[0]
      Application started. Press Ctrl+C to shut down.
info: Microsoft.Hosting.Lifetime[0]
      Hosting environment: Production
info: Microsoft.Hosting.Lifetime[0]
      Content root path: C:\Users\Kilinc\islandlasthope\
info: Microsoft.AspNetCore.Hosting.Diagnostics[1]
      Request starting HTTP/2 POST http://ilpp/UnityILPP.PostProcessing/Ping application/grpc -
info: Microsoft.AspNetCore.Routing.EndpointMiddleware[0]
      Executing endpoint 'gRPC - /UnityILPP.PostProcessing/Ping'
info: Microsoft.AspNetCore.Routing.EndpointMiddleware[1]
      Executed endpoint 'gRPC - /UnityILPP.PostProcessing/Ping'
info: Microsoft.AspNetCore.Hosting.Diagnostics[2]
      Request finished HTTP/2 POST http://ilpp/UnityILPP.PostProcessing/Ping application/grpc - - 200 - application/grpc 43.4659ms
Starting: D:\Unity\Hub\Editor\6000.0.54f1\Editor\Data\bee_backend.exe --ipc --defer-dag-verification --dagfile="Library/Bee/1900b0aE.dag" --continue-on-failure --profile="Library/Bee/backend1.traceevents" ScriptAssemblies
WorkingDir: C:/Users/Kilinc/islandlasthope
info: Microsoft.AspNetCore.Hosting.Diagnostics[1]
      Request starting HTTP/2 POST http://ilpp/UnityILPP.PostProcessing/ConfigurePostProcessors application/grpc -
info: Microsoft.AspNetCore.Routing.EndpointMiddleware[0]
      Executing endpoint 'gRPC - /UnityILPP.PostProcessing/ConfigurePostProcessors'
DisplayProgressbar: Compiling Scripts
warn: Unity.ILPP.Runner.PostProcessingAssemblyLoadContext[0]
      Assembly system.runtime.interopservices.windowsruntime has duplicate hint path. Ignoring "D:\Unity\Hub\Editor\6000.0.54f1\Editor\Data\UnityReferenceAssemblies\unity-4.8-api\Facades\System.Runtime.InteropServices.WindowsRuntime.dll" in favor of "D:\Unity\Hub\Editor\6000.0.54f1\Editor\Data\NetStandard\Extensions\2.0.0\System.Runtime.InteropServices.WindowsRuntime.dll"
warn: Unity.ILPP.Runner.PostProcessingAssemblyLoadContext[0]
      Assembly system.componentmodel.composition has duplicate hint path. Ignoring "D:\Unity\Hub\Editor\6000.0.54f1\Editor\Data\UnityReferenceAssemblies\unity-4.8-api\System.ComponentModel.Composition.dll" in favor of "D:\Unity\Hub\Editor\6000.0.54f1\Editor\Data\NetStandard\compat\2.1.0\shims\netfx\System.ComponentModel.Composition.dll"
info: Unity.ILPP.Runner.PostProcessingAssemblyLoadContext[0]
      Resolved Unity.Burst.Cecil, Version=0.11.4.0, Culture=neutral, PublicKeyToken=50cebf1cceb9d05e with Library\PackageCache\com.unity.burst@6aff1dd08a0c\Unity.Burst.CodeGen\Unity.Burst.Cecil.dll
info: Unity.ILPP.Runner.PostProcessingAssemblyLoadContext[0]
      Resolved Mono.Cecil, Version=0.11.4.0, Culture=neutral, PublicKeyToken=50cebf1cceb9d05e with Library\PackageCache\com.unity.nuget.mono-cecil@d6f9955a5d5f\Mono.Cecil.dll
info: Microsoft.AspNetCore.Routing.EndpointMiddleware[1]
      Executed endpoint 'gRPC - /UnityILPP.PostProcessing/ConfigurePostProcessors'
info: Microsoft.AspNetCore.Hosting.Diagnostics[2]
      Request finished HTTP/2 POST http://ilpp/UnityILPP.PostProcessing/ConfigurePostProcessors application/grpc - - 200 - application/grpc 52.7735ms
ExitCode: 4 Duration: 1s522ms
Rebuilding DAG because FileSignature timestamp changed: Library/Bee/1900b0aE-inputdata.json
[517/654    0s] ILPP-Configuration Library/ilpp-configuration.nevergeneratedoutput
[518/654    1s] Csc Library/Bee/artifacts/1900b0aE.dag/Assembly-CSharp-Editor.dll (+2 others)
Assets\Editor\AutoSetup.cs(35,59): warning CS0618: 'StaticEditorFlags.NavigationStatic' is obsolete: 'Enum member StaticEditorFlags.NavigationStatic has been deprecated. The precise selection of the objects is now done using NavMeshBuilder.CollectSources() and NavMeshBuildMarkup.'

Assets\Editor\AutoSetup.cs(106,56): warning CS0618: 'StaticEditorFlags.NavigationStatic' is obsolete: 'Enum member StaticEditorFlags.NavigationStatic has been deprecated. The precise selection of the objects is now done using NavMeshBuilder.CollectSources() and NavMeshBuildMarkup.'
*** Tundra requires additional run (1.48 seconds), 2 items updated, 516 evaluated
Starting: D:\Unity\Hub\Editor\6000.0.54f1\Editor\Data\Tools\netcorerun\netcorerun.exe "D:\Unity\Hub\Editor\6000.0.54f1\Editor\Data\Tools\BuildPipeline\ScriptCompilationBuildProgram.exe" "Library/Bee/1900b0aE.dag.json" "Library/Bee/1900b0aE-inputdata.json" "Library\Bee\buildprogram0.traceevents"
WorkingDir: C:/Users/Kilinc/islandlasthope
ExitCode: 0 Duration: 0s567ms
Starting: D:\Unity\Hub\Editor\6000.0.54f1\Editor\Data\bee_backend.exe --ipc --defer-dag-verification --dagfile="Library/Bee/1900b0aE.dag" --continue-on-failure --dagfilejson="Library\Bee\1900b0aE.dag.json" --profile="Library/Bee/backend2.traceevents" ScriptAssemblies
WorkingDir: C:/Users/Kilinc/islandlasthope
info: Microsoft.AspNetCore.Hosting.Diagnostics[1]
      Request starting HTTP/2 POST http://ilpp/UnityILPP.PostProcessing/ConfigurePostProcessors application/grpc -
info: Microsoft.AspNetCore.Routing.EndpointMiddleware[0]
      Executing endpoint 'gRPC - /UnityILPP.PostProcessing/ConfigurePostProcessors'
info: Unity.ILPP.Runner.PostProcessingAssemblyLoadContext[0]
      Current configuration matches the requested one, skipping
info: Microsoft.AspNetCore.Routing.EndpointMiddleware[1]
      Executed endpoint 'gRPC - /UnityILPP.PostProcessing/ConfigurePostProcessors'
info: Microsoft.AspNetCore.Hosting.Diagnostics[2]
      Request finished HTTP/2 POST http://ilpp/UnityILPP.PostProcessing/ConfigurePostProcessors application/grpc - - 200 - application/grpc 3.4562ms
info: Microsoft.AspNetCore.Hosting.Diagnostics[1]
      Request starting HTTP/2 POST http://ilpp/UnityILPP.PostProcessing/PostProcessAssembly application/grpc -
info: Microsoft.AspNetCore.Routing.EndpointMiddleware[0]
      Executing endpoint 'gRPC - /UnityILPP.PostProcessing/PostProcessAssembly'
info: Unity.ILPP.Runner.PostProcessingPipeline[0]
      Processing assembly Library/Bee/artifacts/1900b0aE.dag/Assembly-CSharp-Editor.dll, with 126 defines and 291 references
info: Unity.ILPP.Runner.PostProcessingPipeline[0]
      processors: Unity.Jobs.CodeGen.JobsILPostProcessor, zzzUnity.Burst.CodeGen.BurstILPostProcessor
info: Unity.ILPP.Runner.PostProcessingPipeline[0]
      running Unity.Jobs.CodeGen.JobsILPostProcessor
info: Unity.ILPP.Runner.PostProcessingAssemblyLoadContext[0]
      Resolved Unity.Collections, Version=0.0.0.0, Culture=neutral, PublicKeyToken=null with Library\Bee\artifacts\1900b0aE.dag\Unity.Collections.dll
info: Unity.ILPP.Runner.PostProcessingAssemblyLoadContext[0]
      Resolved UnityEditor.CoreModule, Version=0.0.0.0, Culture=neutral, PublicKeyToken=null with D:\Unity\Hub\Editor\6000.0.54f1\Editor\Data\Managed\UnityEngine\UnityEditor.CoreModule.dll
info: Unity.ILPP.Runner.PostProcessingAssemblyLoadContext[0]
      Resolved UnityEngine.CoreModule, Version=0.0.0.0, Culture=neutral, PublicKeyToken=null with D:\Unity\Hub\Editor\6000.0.54f1\Editor\Data\Managed\UnityEngine\UnityEngine.CoreModule.dll
info: Unity.ILPP.Runner.PostProcessingPipeline[0]
      running zzzUnity.Burst.CodeGen.BurstILPostProcessor
info: Unity.ILPP.Runner.PostProcessingAssemblyLoadContext[0]
      Resolved Unity.Burst.Cecil.Rocks, Version=0.11.4.0, Culture=neutral, PublicKeyToken=50cebf1cceb9d05e with Library\PackageCache\com.unity.burst@6aff1dd08a0c\Unity.Burst.CodeGen\Unity.Burst.Cecil.Rocks.dll
info: Microsoft.AspNetCore.Routing.EndpointMiddleware[1]
      Executed endpoint 'gRPC - /UnityILPP.PostProcessing/PostProcessAssembly'
info: Microsoft.AspNetCore.Hosting.Diagnostics[2]
      Request finished HTTP/2 POST http://ilpp/UnityILPP.PostProcessing/PostProcessAssembly application/grpc - - 200 - application/grpc 381.3988ms
ExitCode: 0 Duration: 0s803ms
Finished compiling graph: 657 nodes, 9848 flattened edges (7876 ToBuild, 98 ToUse), maximum node priority 737
[518/654    0s] ILPP-Configuration Library/ilpp-configuration.nevergeneratedoutput
[651/654    0s] ILPostProcess Library/Bee/artifacts/1900b0aE.dag/post-processed/Assembly-CSharp-Editor.dll (+pdb)
Processing assembly Library/Bee/artifacts/1900b0aE.dag/Assembly-CSharp-Editor.dll, with 126 defines and 291 references

processors: Unity.Jobs.CodeGen.JobsILPostProcessor, zzzUnity.Burst.CodeGen.BurstILPostProcessor

running Unity.Jobs.CodeGen.JobsILPostProcessor

running zzzUnity.Burst.CodeGen.BurstILPostProcessor
[652/654    0s] CopyFiles Library/ScriptAssemblies/Assembly-CSharp-Editor.pdb
[653/654    0s] CopyFiles Library/ScriptAssemblies/Assembly-CSharp-Editor.dll
*** Tundra build success (0.77 seconds), 4 items updated, 654 evaluated
AssetDatabase: script compilation time: 3.430829s
Begin MonoManager ReloadAssembly
Total cache size 47434824
Total cache size after purge 47434824, took 00:00:00.0679862
- Loaded All Assemblies, in  0.689 seconds
'Packages/com.unity.cinemachine/Editor/Editors/CinemachineVirtualCameraBaseEditor.cs' contains partial class of Unity.Object, exactly 1 of the partial classes needs to be in a file with the same filename. This is to know the one that can be referenced from ie. GameObjects
'Packages/com.unity.cinemachine/Editor/Obsolete/CinemachineVirtualCameraBaseEditor.cs' contains partial class of Unity.Object, exactly 1 of the partial classes needs to be in a file with the same filename. This is to know the one that can be referenced from ie. GameObjects
Refreshing native plugins compatible for Editor in 0.27 ms, found 0 plugins.
Native extension for WindowsStandalone target not found
Assembly reference Packages/com.unity.cinemachine/Editor/Samples/ExposeHDRPInternals/HDRP-Editor-ref.asmref has no target assembly definition
Mono: successfully reloaded assembly
- Finished resetting the current domain, in  2.827 seconds
Domain Reload Profiling: 3513ms
	BeginReloadAssembly (207ms)
		ExecutionOrderSort (0ms)
		DisableScriptedObjects (14ms)
		BackupInstance (0ms)
		ReleaseScriptingObjects (0ms)
		CreateAndSetChildDomain (36ms)
	RebuildCommonClasses (41ms)
	RebuildNativeTypeToScriptingClass (13ms)
	initialDomainReloadingComplete (34ms)
	LoadAllAssembliesAndSetupDomain (391ms)
		LoadAssemblies (346ms)
		RebuildTransferFunctionScriptingTraits (0ms)
		AnalyzeDomain (156ms)
			TypeCache.Refresh (110ms)
				TypeCache.ScanAssembly (100ms)
			BuildScriptInfoCaches (32ms)
			ResolveRequiredComponents (13ms)
	FinalizeReload (2827ms)
		ReleaseScriptCaches (0ms)
		RebuildScriptCaches (0ms)
		SetupLoadedEditorAssemblies (2602ms)
			LogAssemblyErrors (0ms)
			InitializePlatformSupportModulesInManaged (15ms)
			SetLoadedEditorAssemblies (3ms)
			BeforeProcessingInitializeOnLoad (138ms)
			ProcessInitializeOnLoadAttributes (2379ms)
			ProcessInitializeOnLoadMethodAttributes (63ms)
			AfterProcessingInitializeOnLoad (2ms)
			EditorAssembliesLoaded (0ms)
		ExecutionOrderSort2 (0ms)
		AwakeInstancesAfterBackupRestoration (11ms)
Shader Hidden/ProbeVolume/VoxelizeScene is not supported: GPU does not support conservative rasterization
Refreshing native plugins compatible for Editor in 0.39 ms, found 0 plugins.
Preloading 0 native plugins for Editor in 0.00 ms.
Asset Pipeline Refresh (id=1599332633ca08a4294abc83fa4821f5): Total: 7.704 seconds - Initiated by InitialRefreshV2(ForceSynchronousImport)
	Summary:
		Imports: total=0 (actual=0, local cache=0, cache server=0)
		Asset DB Process Time: managed=0 ms, native=3192 ms
		Asset DB Callback time: managed=318 ms, native=20 ms
		Scripting: domain reloads=1, domain reload time=690 ms, compile time=3433 ms, other=49 ms
		Project Asset Count: scripts=826, non-scripts=1617
		Asset File Changes: new=0, changed=1, moved=0, deleted=0
		Scan Filter Count: 0
	InvokeCustomDependenciesCallbacks: 0.001ms
	InvokePackagesCallback: 19.284ms
	ApplyChangesToAssetFolders: 1.885ms
	Scan: 88.217ms
	OnSourceAssetsModified: 1.053ms
	CategorizeAssetsWithTransientArtifact: 26.545ms
	ProcessAssetsWithTransientArtifactChanges: 56.998ms
	CategorizeAssets: 37.209ms
	ImportOutOfDateAssets: 2832.895ms (-600.720ms without children)
		CompileScripts: 3432.745ms
		ReloadNativeAssets: 0.000ms
		UnloadImportedAssets: 0.112ms
		EnsureUptoDateAssetsAreRegisteredWithGuidPM: 0.358ms
		InitializingProgressBar: 0.000ms
		PostProcessAllAssetNotificationsAddChangedAssets: 0.000ms
		OnDemandSchedulerStart: 0.400ms
	PostProcessAllAssets: 319.133ms
	Hotreload: 1.839ms
	GatherAllCurrentPrimaryArtifactRevisions: 0.001ms
	UnloadStreamsBegin: 0.403ms
	PersistCurrentRevisions: 0.070ms
	UnloadStreamsEnd: 0.001ms
	GenerateScriptTypeHashes: 3.488ms
	Untracked: 4318.190ms

Application.AssetDatabase Initial Refresh End
Scanning for USB devices : 2.327ms
Initializing Unity extensions:
[MODES] ModeService[none].Initialize
[MODES] ModeService[none].LoadModes
[MODES] Loading mode Default (0) for mode-current-id-islandlasthope
Unloading 205 Unused Serialized files (Serialized files now loaded: 0)
Unloading 3947 unused Assets / (5.9 MB). Loaded Objects now: 4580.
Memory consumption went from 194.7 MB to 188.8 MB.
Total: 9.841300 ms (FindLiveObjects: 0.455100 ms CreateObjectMapping: 0.486000 ms MarkObjects: 5.667700 ms  DeleteObjects: 3.231700 ms)

Opening scene 'Assets/Scenes/Main.unity'
Unloading 2 Unused Serialized files (Serialized files now loaded: 0)
Loaded scene 'Assets/Scenes/Main.unity'
	Deserialize:            2.383 ms
	Integration:            190.308 ms
	Integration of assets:  0.002 ms
	Thread Wait Time:       0.047 ms
	Total Operation Time:   192.740 ms
Unloading 1 unused Assets / (0.5 KB). Loaded Objects now: 6659.
Memory consumption went from 156.2 MB to 156.2 MB.
Total: 6.473700 ms (FindLiveObjects: 0.468700 ms CreateObjectMapping: 0.306900 ms MarkObjects: 5.657000 ms  DeleteObjects: 0.040200 ms)

Start importing Assets/Scenes/Main.unity using Guid(1c526a6b7e1fb6c48a0c34c2eea58f57) (DefaultImporter) -> (artifact id: '55bd0160f55a42efcf9356374e3b9498') in 0.0091532 seconds
Refreshing native plugins compatible for Editor in 0.42 ms, found 0 plugins.
Preloading 0 native plugins for Editor in 0.00 ms.
Asset Pipeline Refresh (id=2cf7a7a460f4b434496cf8d8a6a27bad): Total: 0.084 seconds - Initiated by StopAssetImportingV2(NoUpdateAssetOptions)
✅ FixPlay: kamera mavisi, Player güvenli noktada, Mara yanında. Play'e bas!
UnityEngine.Debug:ExtractStackTraceNoAlloc (byte*,int,string)
UnityEngine.StackTraceUtility:ExtractStackTrace ()
UnityEngine.DebugLogHandler:Internal_Log (UnityEngine.LogType,UnityEngine.LogOption,string,UnityEngine.Object)
UnityEngine.DebugLogHandler:LogFormat (UnityEngine.LogType,UnityEngine.Object,string,object[])
UnityEngine.Logger:Log (UnityEngine.LogType,object)
UnityEngine.Debug:Log (object)
FixPlay:Fix () (at Assets/Editor/FixPlay.cs:37)

(Filename: Assets/Editor/FixPlay.cs Line: 37)

Batchmode quit successfully invoked - shutting down!
[Physics::Module] Cleanup current backned.
[Physics::Module] Id: 0xf2b8ea05
Input System module state changed to: ShutdownInProgress.
Input System polling thread exited.
Input System module state changed to: Shutdown.
[Licensing::IpcConnector] LicenseClient-Kilinc-notifications channel disconnected successfully.
[Licensing::IpcConnector] LicenseClient-Kilinc channel disconnected successfully.
AcceleratorClientConnectionCallback - disconnected - :0
Cleanup mono
abort_threads: Failed aborting id: 0000000000003260, mono_thread_manage will ignore it

abort_threads: Failed aborting id: 0000000000004BB8, mono_thread_manage will ignore it

abort_threads: Failed aborting id: 0000000000003260, mono_thread_manage will ignore it

abort_threads: Failed aborting id: 0000000000004BB8, mono_thread_manage will ignore it

debugger-agent: Unable to listen on 3244
Exiting batchmode successfully now!
Exiting without the bug reporter. Application will terminate with return code 0